<?xml version="1.0" encoding="ISO-8859-1" ?>
<link_info>
   <banner>TI ARM Linker PC v20.2.5.LTS</banner>
   <copyright>Copyright (c) 1996-2018 Texas Instruments Incorporated</copyright>
   <link_time>0x66658245</link_time>
   <link_errors>0x0</link_errors>
   <output_file>Practica 4.out</output_file>
   <entry_point>
      <name>_c_int00_noargs</name>
      <address>0x45c9</address>
   </entry_point>
   <input_file_list>
      <input_file id="fl-2">
         <path>.\</path>
         <kind>object</kind>
         <file>lib_p4_robot.obj</file>
         <name>lib_p4_robot.obj</name>
      </input_file>
      <input_file id="fl-3">
         <path>.\</path>
         <kind>object</kind>
         <file>main.obj</file>
         <name>main.obj</name>
      </input_file>
      <input_file id="fl-4">
         <path>.\</path>
         <kind>object</kind>
         <file>startup_msp432p401r_ccs.obj</file>
         <name>startup_msp432p401r_ccs.obj</name>
      </input_file>
      <input_file id="fl-5">
         <path>.\</path>
         <kind>object</kind>
         <file>system_msp432p401r.obj</file>
         <name>system_msp432p401r.obj</name>
      </input_file>
      <input_file id="fl-a">
         <kind>object</kind>
         <file>&lt;internal&gt;</file>
         <name>&lt;internal&gt;</name>
      </input_file>
      <input_file id="fl-b">
         <path>..\</path>
         <kind>archive</kind>
         <file>lib_PAE.lib</file>
         <name>Inicializacion.obj</name>
      </input_file>
      <input_file id="fl-c">
         <path>..\</path>
         <kind>archive</kind>
         <file>lib_PAE.lib</file>
         <name>lcd.obj</name>
      </input_file>
      <input_file id="fl-d">
         <path>..\</path>
         <kind>archive</kind>
         <file>lib_PAE.lib</file>
         <name>msp_LCD.obj</name>
      </input_file>
      <input_file id="fl-e">
         <path>..\</path>
         <kind>archive</kind>
         <file>lib_PAE.lib</file>
         <name>graphics.obj</name>
      </input_file>
      <input_file id="fl-c4">
         <path>C:\Users\rioan\Downloads\ccs\tools\compiler\ti-cgt-arm_20.2.5.LTS\lib\</path>
         <kind>archive</kind>
         <file>rtsv7M4_T_le_v4SPD16_eabi.lib</file>
         <name>sprintf.c.obj</name>
      </input_file>
      <input_file id="fl-c5">
         <path>C:\Users\rioan\Downloads\ccs\tools\compiler\ti-cgt-arm_20.2.5.LTS\lib\</path>
         <kind>archive</kind>
         <file>rtsv7M4_T_le_v4SPD16_eabi.lib</file>
         <name>memcpy_t2.asm.obj</name>
      </input_file>
      <input_file id="fl-c6">
         <path>C:\Users\rioan\Downloads\ccs\tools\compiler\ti-cgt-arm_20.2.5.LTS\lib\</path>
         <kind>archive</kind>
         <file>rtsv7M4_T_le_v4SPD16_eabi.lib</file>
         <name>copy_zero_init.c.obj</name>
      </input_file>
      <input_file id="fl-c7">
         <path>C:\Users\rioan\Downloads\ccs\tools\compiler\ti-cgt-arm_20.2.5.LTS\lib\</path>
         <kind>archive</kind>
         <file>rtsv7M4_T_le_v4SPD16_eabi.lib</file>
         <name>copy_decompress_none.c.obj</name>
      </input_file>
      <input_file id="fl-c8">
         <path>C:\Users\rioan\Downloads\ccs\tools\compiler\ti-cgt-arm_20.2.5.LTS\lib\</path>
         <kind>archive</kind>
         <file>rtsv7M4_T_le_v4SPD16_eabi.lib</file>
         <name>copy_decompress_lzss.c.obj</name>
      </input_file>
      <input_file id="fl-c9">
         <path>C:\Users\rioan\Downloads\ccs\tools\compiler\ti-cgt-arm_20.2.5.LTS\lib\</path>
         <kind>archive</kind>
         <file>rtsv7M4_T_le_v4SPD16_eabi.lib</file>
         <name>boot_cortex_m.c.obj</name>
      </input_file>
      <input_file id="fl-ca">
         <path>C:\Users\rioan\Downloads\ccs\tools\compiler\ti-cgt-arm_20.2.5.LTS\lib\</path>
         <kind>archive</kind>
         <file>rtsv7M4_T_le_v4SPD16_eabi.lib</file>
         <name>_printfi.c.obj</name>
      </input_file>
      <input_file id="fl-cb">
         <path>C:\Users\rioan\Downloads\ccs\tools\compiler\ti-cgt-arm_20.2.5.LTS\lib\</path>
         <kind>archive</kind>
         <file>rtsv7M4_T_le_v4SPD16_eabi.lib</file>
         <name>s_frexp.c.obj</name>
      </input_file>
      <input_file id="fl-cc">
         <path>C:\Users\rioan\Downloads\ccs\tools\compiler\ti-cgt-arm_20.2.5.LTS\lib\</path>
         <kind>archive</kind>
         <file>rtsv7M4_T_le_v4SPD16_eabi.lib</file>
         <name>s_scalbn.c.obj</name>
      </input_file>
      <input_file id="fl-cd">
         <path>C:\Users\rioan\Downloads\ccs\tools\compiler\ti-cgt-arm_20.2.5.LTS\lib\</path>
         <kind>archive</kind>
         <file>rtsv7M4_T_le_v4SPD16_eabi.lib</file>
         <name>wcslen.c.obj</name>
      </input_file>
      <input_file id="fl-ce">
         <path>C:\Users\rioan\Downloads\ccs\tools\compiler\ti-cgt-arm_20.2.5.LTS\lib\</path>
         <kind>archive</kind>
         <file>rtsv7M4_T_le_v4SPD16_eabi.lib</file>
         <name>fd_add_t2.asm.obj</name>
      </input_file>
      <input_file id="fl-cf">
         <path>C:\Users\rioan\Downloads\ccs\tools\compiler\ti-cgt-arm_20.2.5.LTS\lib\</path>
         <kind>archive</kind>
         <file>rtsv7M4_T_le_v4SPD16_eabi.lib</file>
         <name>fd_cmp_t2.asm.obj</name>
      </input_file>
      <input_file id="fl-d0">
         <path>C:\Users\rioan\Downloads\ccs\tools\compiler\ti-cgt-arm_20.2.5.LTS\lib\</path>
         <kind>archive</kind>
         <file>rtsv7M4_T_le_v4SPD16_eabi.lib</file>
         <name>fd_div_t2.asm.obj</name>
      </input_file>
      <input_file id="fl-d1">
         <path>C:\Users\rioan\Downloads\ccs\tools\compiler\ti-cgt-arm_20.2.5.LTS\lib\</path>
         <kind>archive</kind>
         <file>rtsv7M4_T_le_v4SPD16_eabi.lib</file>
         <name>fd_mul_t2.asm.obj</name>
      </input_file>
      <input_file id="fl-d2">
         <path>C:\Users\rioan\Downloads\ccs\tools\compiler\ti-cgt-arm_20.2.5.LTS\lib\</path>
         <kind>archive</kind>
         <file>rtsv7M4_T_le_v4SPD16_eabi.lib</file>
         <name>fd_toi_t2.asm.obj</name>
      </input_file>
      <input_file id="fl-d3">
         <path>C:\Users\rioan\Downloads\ccs\tools\compiler\ti-cgt-arm_20.2.5.LTS\lib\</path>
         <kind>archive</kind>
         <file>rtsv7M4_T_le_v4SPD16_eabi.lib</file>
         <name>i_tofd_t2.asm.obj</name>
      </input_file>
      <input_file id="fl-d4">
         <path>C:\Users\rioan\Downloads\ccs\tools\compiler\ti-cgt-arm_20.2.5.LTS\lib\</path>
         <kind>archive</kind>
         <file>rtsv7M4_T_le_v4SPD16_eabi.lib</file>
         <name>ull_div_t2.asm.obj</name>
      </input_file>
      <input_file id="fl-d5">
         <path>C:\Users\rioan\Downloads\ccs\tools\compiler\ti-cgt-arm_20.2.5.LTS\lib\</path>
         <kind>archive</kind>
         <file>rtsv7M4_T_le_v4SPD16_eabi.lib</file>
         <name>memset_t2.asm.obj</name>
      </input_file>
      <input_file id="fl-d6">
         <path>C:\Users\rioan\Downloads\ccs\tools\compiler\ti-cgt-arm_20.2.5.LTS\lib\</path>
         <kind>archive</kind>
         <file>rtsv7M4_T_le_v4SPD16_eabi.lib</file>
         <name>autoinit.c.obj</name>
      </input_file>
      <input_file id="fl-d7">
         <path>C:\Users\rioan\Downloads\ccs\tools\compiler\ti-cgt-arm_20.2.5.LTS\lib\</path>
         <kind>archive</kind>
         <file>rtsv7M4_T_le_v4SPD16_eabi.lib</file>
         <name>pre_init.c.obj</name>
      </input_file>
      <input_file id="fl-d8">
         <path>C:\Users\rioan\Downloads\ccs\tools\compiler\ti-cgt-arm_20.2.5.LTS\lib\</path>
         <kind>archive</kind>
         <file>rtsv7M4_T_le_v4SPD16_eabi.lib</file>
         <name>cpy_tbl.c.obj</name>
      </input_file>
      <input_file id="fl-d9">
         <path>C:\Users\rioan\Downloads\ccs\tools\compiler\ti-cgt-arm_20.2.5.LTS\lib\</path>
         <kind>archive</kind>
         <file>rtsv7M4_T_le_v4SPD16_eabi.lib</file>
         <name>exit.c.obj</name>
      </input_file>
      <input_file id="fl-da">
         <path>C:\Users\rioan\Downloads\ccs\tools\compiler\ti-cgt-arm_20.2.5.LTS\lib\</path>
         <kind>archive</kind>
         <file>rtsv7M4_T_le_v4SPD16_eabi.lib</file>
         <name>_lock.c.obj</name>
      </input_file>
      <input_file id="fl-db">
         <path>C:\Users\rioan\Downloads\ccs\tools\compiler\ti-cgt-arm_20.2.5.LTS\lib\</path>
         <kind>archive</kind>
         <file>rtsv7M4_T_le_v4SPD16_eabi.lib</file>
         <name>_ltoa.c.obj</name>
      </input_file>
      <input_file id="fl-dc">
         <path>C:\Users\rioan\Downloads\ccs\tools\compiler\ti-cgt-arm_20.2.5.LTS\lib\</path>
         <kind>archive</kind>
         <file>rtsv7M4_T_le_v4SPD16_eabi.lib</file>
         <name>args_main.c.obj</name>
      </input_file>
      <input_file id="fl-dd">
         <path>C:\Users\rioan\Downloads\ccs\tools\compiler\ti-cgt-arm_20.2.5.LTS\lib\</path>
         <kind>archive</kind>
         <file>rtsv7M4_T_le_v4SPD16_eabi.lib</file>
         <name>atoi.c.obj</name>
      </input_file>
      <input_file id="fl-de">
         <path>C:\Users\rioan\Downloads\ccs\tools\compiler\ti-cgt-arm_20.2.5.LTS\lib\</path>
         <kind>archive</kind>
         <file>rtsv7M4_T_le_v4SPD16_eabi.lib</file>
         <name>ctype.c.obj</name>
      </input_file>
      <input_file id="fl-df">
         <path>C:\Users\rioan\Downloads\ccs\tools\compiler\ti-cgt-arm_20.2.5.LTS\lib\</path>
         <kind>archive</kind>
         <file>rtsv7M4_T_le_v4SPD16_eabi.lib</file>
         <name>memccpy.c.obj</name>
      </input_file>
      <input_file id="fl-e0">
         <path>C:\Users\rioan\Downloads\ccs\tools\compiler\ti-cgt-arm_20.2.5.LTS\lib\</path>
         <kind>archive</kind>
         <file>rtsv7M4_T_le_v4SPD16_eabi.lib</file>
         <name>strchr.c.obj</name>
      </input_file>
      <input_file id="fl-e1">
         <path>C:\Users\rioan\Downloads\ccs\tools\compiler\ti-cgt-arm_20.2.5.LTS\lib\</path>
         <kind>archive</kind>
         <file>rtsv7M4_T_le_v4SPD16_eabi.lib</file>
         <name>strlen.c.obj</name>
      </input_file>
      <input_file id="fl-e2">
         <path>C:\Users\rioan\Downloads\ccs\tools\compiler\ti-cgt-arm_20.2.5.LTS\lib\</path>
         <kind>archive</kind>
         <file>rtsv7M4_T_le_v4SPD16_eabi.lib</file>
         <name>errno.c.obj</name>
      </input_file>
      <input_file id="fl-e3">
         <path>C:\Users\rioan\Downloads\ccs\tools\compiler\ti-cgt-arm_20.2.5.LTS\lib\</path>
         <kind>archive</kind>
         <file>rtsv7M4_T_le_v4SPD16_eabi.lib</file>
         <name>s_copysign.c.obj</name>
      </input_file>
      <input_file id="fl-e4">
         <path>C:\Users\rioan\Downloads\ccs\tools\compiler\ti-cgt-arm_20.2.5.LTS\lib\</path>
         <kind>archive</kind>
         <file>rtsv7M4_T_le_v4SPD16_eabi.lib</file>
         <name>div0.asm.obj</name>
      </input_file>
   </input_file_list>
   <object_component_list>
      <object_component id="oc-26">
         <name>.intvecs:retain</name>
         <load_address>0x0</load_address>
         <run_address>0x0</run_address>
         <size>0xe4</size>
         <input_file_ref idref="fl-4"/>
      </object_component>
      <object_component id="oc-158">
         <name>.text</name>
         <load_address>0xe4</load_address>
         <run_address>0xe4</run_address>
         <size>0x104c</size>
         <input_file_ref idref="fl-e"/>
      </object_component>
      <object_component id="oc-16f">
         <name>.text:__TI_printfi</name>
         <load_address>0x1130</load_address>
         <run_address>0x1130</run_address>
         <size>0xa4e</size>
         <input_file_ref idref="fl-ca"/>
      </object_component>
      <object_component id="oc-311">
         <name>.text</name>
         <load_address>0x1b7e</load_address>
         <run_address>0x1b7e</run_address>
         <size>0x2</size>
         <input_file_ref idref="fl-e4"/>
      </object_component>
      <object_component id="oc-6d">
         <name>.text</name>
         <load_address>0x1b80</load_address>
         <run_address>0x1b80</run_address>
         <size>0x8e0</size>
         <input_file_ref idref="fl-3"/>
      </object_component>
      <object_component id="oc-ac">
         <name>.text</name>
         <load_address>0x2460</load_address>
         <run_address>0x2460</run_address>
         <size>0x8a8</size>
         <input_file_ref idref="fl-c"/>
      </object_component>
      <object_component id="oc-a5">
         <name>.text</name>
         <load_address>0x2d08</load_address>
         <run_address>0x2d08</run_address>
         <size>0x334</size>
         <input_file_ref idref="fl-5"/>
      </object_component>
      <object_component id="oc-21d">
         <name>.text:_pconv_a</name>
         <load_address>0x303c</load_address>
         <run_address>0x303c</run_address>
         <size>0x270</size>
         <input_file_ref idref="fl-ca"/>
      </object_component>
      <object_component id="oc-20b">
         <name>.text:_pconv_g</name>
         <load_address>0x32ac</load_address>
         <run_address>0x32ac</run_address>
         <size>0x1d0</size>
         <input_file_ref idref="fl-ca"/>
      </object_component>
      <object_component id="oc-2a2">
         <name>.text</name>
         <load_address>0x347c</load_address>
         <run_address>0x347c</run_address>
         <size>0x1b6</size>
         <input_file_ref idref="fl-ce"/>
      </object_component>
      <object_component id="oc-14f">
         <name>.text</name>
         <load_address>0x3634</load_address>
         <run_address>0x3634</run_address>
         <size>0x188</size>
         <input_file_ref idref="fl-d"/>
      </object_component>
      <object_component id="oc-217">
         <name>.text:_pconv_e</name>
         <load_address>0x37bc</load_address>
         <run_address>0x37bc</run_address>
         <size>0x13c</size>
         <input_file_ref idref="fl-ca"/>
      </object_component>
      <object_component id="oc-288">
         <name>.text</name>
         <load_address>0x38f8</load_address>
         <run_address>0x38f8</run_address>
         <size>0x136</size>
         <input_file_ref idref="fl-d0"/>
      </object_component>
      <object_component id="oc-2b4">
         <name>.text:fcvt</name>
         <load_address>0x3a30</load_address>
         <run_address>0x3a30</run_address>
         <size>0x124</size>
         <input_file_ref idref="fl-ca"/>
      </object_component>
      <object_component id="oc-2c8">
         <name>.text:scalbn</name>
         <load_address>0x3b54</load_address>
         <run_address>0x3b54</run_address>
         <size>0x110</size>
         <input_file_ref idref="fl-cc"/>
      </object_component>
      <object_component id="oc-283">
         <name>.text</name>
         <load_address>0x3c64</load_address>
         <run_address>0x3c64</run_address>
         <size>0xfc</size>
         <input_file_ref idref="fl-d1"/>
      </object_component>
      <object_component id="oc-bb">
         <name>.text</name>
         <load_address>0x3d60</load_address>
         <run_address>0x3d60</run_address>
         <size>0xf4</size>
         <input_file_ref idref="fl-2"/>
      </object_component>
      <object_component id="oc-200">
         <name>.text:_ltostr</name>
         <load_address>0x3e54</load_address>
         <run_address>0x3e54</run_address>
         <size>0xb1</size>
         <input_file_ref idref="fl-ca"/>
      </object_component>
      <object_component id="oc-37">
         <name>.text</name>
         <load_address>0x3f06</load_address>
         <run_address>0x3f06</run_address>
         <size>0x9c</size>
         <input_file_ref idref="fl-c5"/>
      </object_component>
      <object_component id="oc-27c">
         <name>.text</name>
         <load_address>0x3fa2</load_address>
         <run_address>0x3fa2</run_address>
         <size>0x96</size>
         <input_file_ref idref="fl-d4"/>
      </object_component>
      <object_component id="oc-206">
         <name>.text:__aeabi_cdcmple</name>
         <load_address>0x4038</load_address>
         <run_address>0x4038</run_address>
         <size>0x86</size>
         <input_file_ref idref="fl-cf"/>
      </object_component>
      <object_component id="oc-28d">
         <name>.text:__aeabi_cdrcmple</name>
         <load_address>0x40be</load_address>
         <run_address>0x40be</run_address>
         <size>0x86</size>
         <input_file_ref idref="fl-cf"/>
      </object_component>
      <object_component id="oc-8d">
         <name>.text</name>
         <load_address>0x4144</load_address>
         <run_address>0x4144</run_address>
         <size>0x7a</size>
         <input_file_ref idref="fl-d5"/>
      </object_component>
      <object_component id="oc-b5">
         <name>.text</name>
         <load_address>0x41c0</load_address>
         <run_address>0x41c0</run_address>
         <size>0x78</size>
         <input_file_ref idref="fl-b"/>
      </object_component>
      <object_component id="oc-2ad">
         <name>.text:_mcpy</name>
         <load_address>0x4238</load_address>
         <run_address>0x4238</run_address>
         <size>0x6e</size>
         <input_file_ref idref="fl-ca"/>
      </object_component>
      <object_component id="oc-17">
         <name>.text:decompress:lzss:__TI_decompress_lzss</name>
         <load_address>0x42a6</load_address>
         <run_address>0x42a6</run_address>
         <size>0x68</size>
         <input_file_ref idref="fl-c8"/>
      </object_component>
      <object_component id="oc-2c2">
         <name>.text:frexp</name>
         <load_address>0x4310</load_address>
         <run_address>0x4310</run_address>
         <size>0x64</size>
         <input_file_ref idref="fl-cb"/>
      </object_component>
      <object_component id="oc-211">
         <name>.text:_pconv_f</name>
         <load_address>0x4374</load_address>
         <run_address>0x4374</run_address>
         <size>0x56</size>
         <input_file_ref idref="fl-ca"/>
      </object_component>
      <object_component id="oc-297">
         <name>.text:__TI_ltoa</name>
         <load_address>0x43ca</load_address>
         <run_address>0x43ca</run_address>
         <size>0x54</size>
         <input_file_ref idref="fl-db"/>
      </object_component>
      <object_component id="oc-2a7">
         <name>.text:_ecpy</name>
         <load_address>0x441e</load_address>
         <run_address>0x441e</run_address>
         <size>0x52</size>
         <input_file_ref idref="fl-ca"/>
      </object_component>
      <object_component id="oc-1fa">
         <name>.text:atoi</name>
         <load_address>0x4470</load_address>
         <run_address>0x4470</run_address>
         <size>0x4c</size>
         <input_file_ref idref="fl-dd"/>
      </object_component>
      <object_component id="oc-292">
         <name>.text</name>
         <load_address>0x44bc</load_address>
         <run_address>0x44bc</run_address>
         <size>0x48</size>
         <input_file_ref idref="fl-d2"/>
      </object_component>
      <object_component id="oc-119">
         <name>.text:__TI_auto_init_nobinit_nopinit:__TI_auto_init_nobinit_nopinit</name>
         <load_address>0x4504</load_address>
         <run_address>0x4504</run_address>
         <size>0x44</size>
         <input_file_ref idref="fl-d6"/>
      </object_component>
      <object_component id="oc-c1">
         <name>.text:sprintf</name>
         <load_address>0x4548</load_address>
         <run_address>0x4548</run_address>
         <size>0x40</size>
         <input_file_ref idref="fl-c4"/>
      </object_component>
      <object_component id="oc-2ba">
         <name>.text:_fcpy</name>
         <load_address>0x4588</load_address>
         <run_address>0x4588</run_address>
         <size>0x3e</size>
         <input_file_ref idref="fl-ca"/>
      </object_component>
      <object_component id="oc-55">
         <name>.text:_c_int00_noargs:_c_int00_noargs</name>
         <load_address>0x45c8</load_address>
         <run_address>0x45c8</run_address>
         <size>0x34</size>
         <input_file_ref idref="fl-c9"/>
      </object_component>
      <object_component id="oc-29d">
         <name>.text</name>
         <load_address>0x45fc</load_address>
         <run_address>0x45fc</run_address>
         <size>0x2e</size>
         <input_file_ref idref="fl-d3"/>
      </object_component>
      <object_component id="oc-223">
         <name>.text:memccpy</name>
         <load_address>0x462a</load_address>
         <run_address>0x462a</run_address>
         <size>0x1c</size>
         <input_file_ref idref="fl-df"/>
      </object_component>
      <object_component id="oc-32a">
         <name>.text:copysign</name>
         <load_address>0x4646</load_address>
         <run_address>0x4646</run_address>
         <size>0x1a</size>
         <input_file_ref idref="fl-e3"/>
      </object_component>
      <object_component id="oc-175">
         <name>.text:_outs</name>
         <load_address>0x4660</load_address>
         <run_address>0x4660</run_address>
         <size>0x18</size>
         <input_file_ref idref="fl-c4"/>
      </object_component>
      <object_component id="oc-2ce">
         <name>.text:strchr</name>
         <load_address>0x4678</load_address>
         <run_address>0x4678</run_address>
         <size>0x16</size>
         <input_file_ref idref="fl-e0"/>
      </object_component>
      <object_component id="oc-1f4">
         <name>.text:strlen</name>
         <load_address>0x468e</load_address>
         <run_address>0x468e</run_address>
         <size>0x14</size>
         <input_file_ref idref="fl-e1"/>
      </object_component>
      <object_component id="oc-229">
         <name>.text:wcslen</name>
         <load_address>0x46a2</load_address>
         <run_address>0x46a2</run_address>
         <size>0x12</size>
         <input_file_ref idref="fl-cd"/>
      </object_component>
      <object_component id="oc-1d">
         <name>.text:decompress:none:__TI_decompress_none</name>
         <load_address>0x46b4</load_address>
         <run_address>0x46b4</run_address>
         <size>0xe</size>
         <input_file_ref idref="fl-c7"/>
      </object_component>
      <object_component id="oc-67">
         <name>.text</name>
         <load_address>0x46c2</load_address>
         <run_address>0x46c2</run_address>
         <size>0xe</size>
         <input_file_ref idref="fl-4"/>
      </object_component>
      <object_component id="oc-49">
         <name>.text:decompress:ZI:__TI_zero_init</name>
         <load_address>0x46d0</load_address>
         <run_address>0x46d0</run_address>
         <size>0xc</size>
         <input_file_ref idref="fl-c6"/>
      </object_component>
      <object_component id="oc-17b">
         <name>.text:_outc</name>
         <load_address>0x46dc</load_address>
         <run_address>0x46dc</run_address>
         <size>0xa</size>
         <input_file_ref idref="fl-c4"/>
      </object_component>
      <object_component id="oc-22f">
         <name>.text:__aeabi_errno_addr</name>
         <load_address>0x46e8</load_address>
         <run_address>0x46e8</run_address>
         <size>0x8</size>
         <input_file_ref idref="fl-e2"/>
      </object_component>
      <object_component id="oc-93">
         <name>.text:_system_pre_init</name>
         <load_address>0x46f0</load_address>
         <run_address>0x46f0</run_address>
         <size>0x4</size>
         <input_file_ref idref="fl-d7"/>
      </object_component>
      <object_component id="oc-10d">
         <name>.text:abort:abort</name>
         <load_address>0x46f4</load_address>
         <run_address>0x46f4</run_address>
         <size>0x4</size>
         <input_file_ref idref="fl-d9"/>
      </object_component>
      <object_component id="oc-1d9">
         <name>.const:font_11x16</name>
         <load_address>0x46f8</load_address>
         <run_address>0x46f8</run_address>
         <size>0x82a</size>
         <input_file_ref idref="fl-e"/>
      </object_component>
      <object_component id="oc-1dc">
         <name>.const:font_8x12</name>
         <load_address>0x4f22</load_address>
         <run_address>0x4f22</run_address>
         <size>0x474</size>
         <input_file_ref idref="fl-e"/>
      </object_component>
      <object_component id="oc-1d6">
         <name>.const:font_5x7</name>
         <load_address>0x5396</load_address>
         <run_address>0x5396</run_address>
         <size>0x1e0</size>
         <input_file_ref idref="fl-e"/>
      </object_component>
      <object_component id="oc-277">
         <name>.const:.string:_ctypes_</name>
         <load_address>0x5576</load_address>
         <run_address>0x5576</run_address>
         <size>0x101</size>
         <input_file_ref idref="fl-de"/>
      </object_component>
      <object_component id="oc-d0">
         <name>.const:.string:$P$T4$5</name>
         <load_address>0x5677</load_address>
         <run_address>0x5677</run_address>
         <size>0x13</size>
         <input_file_ref idref="fl-3"/>
      </object_component>
      <object_component id="oc-b2">
         <name>.const:.string:$P$T0$1</name>
         <load_address>0x568a</load_address>
         <run_address>0x568a</run_address>
         <size>0x12</size>
         <input_file_ref idref="fl-3"/>
      </object_component>
      <object_component id="oc-15e">
         <name>.const:.string:$P$T0$1</name>
         <load_address>0x569c</load_address>
         <run_address>0x569c</run_address>
         <size>0x10</size>
         <input_file_ref idref="fl-c"/>
      </object_component>
      <object_component id="oc-161">
         <name>.const:.string:$P$T1$2</name>
         <load_address>0x56ac</load_address>
         <run_address>0x56ac</run_address>
         <size>0x10</size>
         <input_file_ref idref="fl-c"/>
      </object_component>
      <object_component id="oc-d3">
         <name>.const:.string:$P$T5$6</name>
         <load_address>0x56bc</load_address>
         <run_address>0x56bc</run_address>
         <size>0xf</size>
         <input_file_ref idref="fl-3"/>
      </object_component>
      <object_component id="oc-d9">
         <name>.const:.string:$P$T6$7</name>
         <load_address>0x56cb</load_address>
         <run_address>0x56cb</run_address>
         <size>0xe</size>
         <input_file_ref idref="fl-3"/>
      </object_component>
      <object_component id="oc-dc">
         <name>.const:.string:$P$T7$8</name>
         <load_address>0x56d9</load_address>
         <run_address>0x56d9</run_address>
         <size>0xc</size>
         <input_file_ref idref="fl-3"/>
      </object_component>
      <object_component id="oc-df">
         <name>.const:.string:$P$T8$9</name>
         <load_address>0x56e5</load_address>
         <run_address>0x56e5</run_address>
         <size>0xc</size>
         <input_file_ref idref="fl-3"/>
      </object_component>
      <object_component id="oc-cd">
         <name>.const:.string:$P$T3$4</name>
         <load_address>0x56f1</load_address>
         <run_address>0x56f1</run_address>
         <size>0xa</size>
         <input_file_ref idref="fl-3"/>
      </object_component>
      <object_component id="oc-c7">
         <name>.const:.string:$P$T1$2</name>
         <load_address>0x56fb</load_address>
         <run_address>0x56fb</run_address>
         <size>0x8</size>
         <input_file_ref idref="fl-3"/>
      </object_component>
      <object_component id="oc-ca">
         <name>.const:.string:$P$T2$3</name>
         <load_address>0x5703</load_address>
         <run_address>0x5703</run_address>
         <size>0x6</size>
         <input_file_ref idref="fl-3"/>
      </object_component>
      <object_component id="oc-388">
         <name>.cinit..data.load</name>
         <load_address>0x5710</load_address>
         <run_address>0x5710</run_address>
         <size>0x17</size>
      </object_component>
      <object_component id="oc-386">
         <name>__TI_handler_table</name>
         <load_address>0x5728</load_address>
         <run_address>0x5728</run_address>
         <size>0xc</size>
      </object_component>
      <object_component id="oc-389">
         <name>.cinit..bss.load</name>
         <load_address>0x5738</load_address>
         <run_address>0x5738</run_address>
         <size>0x8</size>
      </object_component>
      <object_component id="oc-387">
         <name>__TI_cinit_table</name>
         <load_address>0x5740</load_address>
         <run_address>0x5740</run_address>
         <size>0x10</size>
      </object_component>
      <object_component id="oc-35a">
         <name>.binit</name>
         <load_address>0x0</load_address>
         <run_address>0x0</run_address>
         <size>0x0</size>
      </object_component>
      <object_component id="oc-e2">
         <name>.data</name>
         <load_address>0x20000412</load_address>
         <run_address>0x20000412</run_address>
         <size>0x1</size>
         <input_file_ref idref="fl-3"/>
      </object_component>
      <object_component id="oc-14b">
         <name>.data</name>
         <load_address>0x20000418</load_address>
         <run_address>0x20000418</run_address>
         <size>0x4</size>
         <input_file_ref idref="fl-5"/>
      </object_component>
      <object_component id="oc-155">
         <name>.data</name>
         <load_address>0x20000404</load_address>
         <run_address>0x20000404</run_address>
         <size>0xa</size>
         <input_file_ref idref="fl-c"/>
      </object_component>
      <object_component id="oc-1d3">
         <name>.data</name>
         <load_address>0x2000040e</load_address>
         <run_address>0x2000040e</run_address>
         <size>0x4</size>
         <input_file_ref idref="fl-e"/>
      </object_component>
      <object_component id="oc-2de">
         <name>.data</name>
         <load_address>0x20000414</load_address>
         <run_address>0x20000414</run_address>
         <size>0x4</size>
         <input_file_ref idref="fl-e2"/>
      </object_component>
      <object_component id="oc-d6">
         <name>.bss</name>
         <uninitialized>true</uninitialized>
         <run_address>0x20000400</run_address>
         <size>0x3</size>
         <input_file_ref idref="fl-3"/>
      </object_component>
      <object_component id="oc-1df">
         <name>.bss:g_pulConvertedPalette</name>
         <uninitialized>true</uninitialized>
         <run_address>0x20000000</run_address>
         <size>0x400</size>
         <input_file_ref idref="fl-e"/>
      </object_component>
      <object_component id="oc-29">
         <name>.stack</name>
         <uninitialized>true</uninitialized>
         <run_address>0x2000fe00</run_address>
         <size>0x4</size>
         <input_file_ref idref="fl-c9"/>
      </object_component>
      <object_component id="oc-38b">
         <name>.stack</name>
         <uninitialized>true</uninitialized>
         <run_address>0x2000fe00</run_address>
         <size>0x0</size>
      </object_component>
      <object_component id="oc-1ad">
         <name>.debug_info</name>
         <load_address>0x0</load_address>
         <run_address>0x0</run_address>
         <size>0x2aa</size>
         <input_file_ref idref="fl-2"/>
      </object_component>
      <object_component id="oc-bf">
         <name>.debug_info</name>
         <load_address>0x2aa</load_address>
         <run_address>0x2aa</run_address>
         <size>0x926</size>
         <input_file_ref idref="fl-2"/>
      </object_component>
      <object_component id="oc-f8">
         <name>.debug_info</name>
         <load_address>0xbd0</load_address>
         <run_address>0xbd0</run_address>
         <size>0x26b</size>
         <input_file_ref idref="fl-2"/>
      </object_component>
      <object_component id="oc-32">
         <name>.debug_info</name>
         <load_address>0xe3b</load_address>
         <run_address>0xe3b</run_address>
         <size>0x84</size>
         <input_file_ref idref="fl-2"/>
      </object_component>
      <object_component id="oc-19c">
         <name>.debug_info</name>
         <load_address>0xebf</load_address>
         <run_address>0xebf</run_address>
         <size>0x2a4</size>
         <input_file_ref idref="fl-2"/>
      </object_component>
      <object_component id="oc-e6">
         <name>.debug_info</name>
         <load_address>0x1163</load_address>
         <run_address>0x1163</run_address>
         <size>0xbb</size>
         <input_file_ref idref="fl-2"/>
      </object_component>
      <object_component id="oc-eb">
         <name>.debug_info</name>
         <load_address>0x121e</load_address>
         <run_address>0x121e</run_address>
         <size>0x2c</size>
         <input_file_ref idref="fl-2"/>
      </object_component>
      <object_component id="oc-183">
         <name>.debug_info</name>
         <load_address>0x124a</load_address>
         <run_address>0x124a</run_address>
         <size>0x2c</size>
         <input_file_ref idref="fl-2"/>
      </object_component>
      <object_component id="oc-f0">
         <name>.debug_info</name>
         <load_address>0x1276</load_address>
         <run_address>0x1276</run_address>
         <size>0x897</size>
         <input_file_ref idref="fl-3"/>
      </object_component>
      <object_component id="oc-d7">
         <name>.debug_info</name>
         <load_address>0x1b0d</load_address>
         <run_address>0x1b0d</run_address>
         <size>0x142</size>
         <input_file_ref idref="fl-3"/>
      </object_component>
      <object_component id="oc-e3">
         <name>.debug_info</name>
         <load_address>0x1c4f</load_address>
         <run_address>0x1c4f</run_address>
         <size>0xeb</size>
         <input_file_ref idref="fl-3"/>
      </object_component>
      <object_component id="oc-b3">
         <name>.debug_info</name>
         <load_address>0x1d3a</load_address>
         <run_address>0x1d3a</run_address>
         <size>0xde</size>
         <input_file_ref idref="fl-3"/>
      </object_component>
      <object_component id="oc-c8">
         <name>.debug_info</name>
         <load_address>0x1e18</load_address>
         <run_address>0x1e18</run_address>
         <size>0xde</size>
         <input_file_ref idref="fl-3"/>
      </object_component>
      <object_component id="oc-cb">
         <name>.debug_info</name>
         <load_address>0x1ef6</load_address>
         <run_address>0x1ef6</run_address>
         <size>0xde</size>
         <input_file_ref idref="fl-3"/>
      </object_component>
      <object_component id="oc-ce">
         <name>.debug_info</name>
         <load_address>0x1fd4</load_address>
         <run_address>0x1fd4</run_address>
         <size>0xde</size>
         <input_file_ref idref="fl-3"/>
      </object_component>
      <object_component id="oc-d1">
         <name>.debug_info</name>
         <load_address>0x20b2</load_address>
         <run_address>0x20b2</run_address>
         <size>0xde</size>
         <input_file_ref idref="fl-3"/>
      </object_component>
      <object_component id="oc-d4">
         <name>.debug_info</name>
         <load_address>0x2190</load_address>
         <run_address>0x2190</run_address>
         <size>0xdf</size>
         <input_file_ref idref="fl-3"/>
      </object_component>
      <object_component id="oc-da">
         <name>.debug_info</name>
         <load_address>0x226f</load_address>
         <run_address>0x226f</run_address>
         <size>0xdf</size>
         <input_file_ref idref="fl-3"/>
      </object_component>
      <object_component id="oc-dd">
         <name>.debug_info</name>
         <load_address>0x234e</load_address>
         <run_address>0x234e</run_address>
         <size>0xdf</size>
         <input_file_ref idref="fl-3"/>
      </object_component>
      <object_component id="oc-e0">
         <name>.debug_info</name>
         <load_address>0x242d</load_address>
         <run_address>0x242d</run_address>
         <size>0xdf</size>
         <input_file_ref idref="fl-3"/>
      </object_component>
      <object_component id="oc-6e">
         <name>.debug_info</name>
         <load_address>0x250c</load_address>
         <run_address>0x250c</run_address>
         <size>0x12e2</size>
         <input_file_ref idref="fl-3"/>
      </object_component>
      <object_component id="oc-1a3">
         <name>.debug_info</name>
         <load_address>0x37ee</load_address>
         <run_address>0x37ee</run_address>
         <size>0x37e2</size>
         <input_file_ref idref="fl-3"/>
      </object_component>
      <object_component id="oc-1a8">
         <name>.debug_info</name>
         <load_address>0x6fd0</load_address>
         <run_address>0x6fd0</run_address>
         <size>0x1055</size>
         <input_file_ref idref="fl-3"/>
      </object_component>
      <object_component id="oc-f1">
         <name>.debug_info</name>
         <load_address>0x8025</load_address>
         <run_address>0x8025</run_address>
         <size>0x55</size>
         <input_file_ref idref="fl-3"/>
      </object_component>
      <object_component id="oc-75">
         <name>.debug_info</name>
         <load_address>0x807a</load_address>
         <run_address>0x807a</run_address>
         <size>0x2d8</size>
         <input_file_ref idref="fl-4"/>
      </object_component>
      <object_component id="oc-27">
         <name>.debug_info</name>
         <load_address>0x8352</load_address>
         <run_address>0x8352</run_address>
         <size>0x104</size>
         <input_file_ref idref="fl-4"/>
      </object_component>
      <object_component id="oc-68">
         <name>.debug_info</name>
         <load_address>0x8456</load_address>
         <run_address>0x8456</run_address>
         <size>0x1cb</size>
         <input_file_ref idref="fl-4"/>
      </object_component>
      <object_component id="oc-14c">
         <name>.debug_info</name>
         <load_address>0x8621</load_address>
         <run_address>0x8621</run_address>
         <size>0xfd</size>
         <input_file_ref idref="fl-5"/>
      </object_component>
      <object_component id="oc-a7">
         <name>.debug_info</name>
         <load_address>0x871e</load_address>
         <run_address>0x871e</run_address>
         <size>0x26f</size>
         <input_file_ref idref="fl-5"/>
      </object_component>
      <object_component id="oc-274">
         <name>.debug_info</name>
         <load_address>0x898d</load_address>
         <run_address>0x898d</run_address>
         <size>0x395</size>
         <input_file_ref idref="fl-b"/>
      </object_component>
      <object_component id="oc-b9">
         <name>.debug_info</name>
         <load_address>0x8d22</load_address>
         <run_address>0x8d22</run_address>
         <size>0x181</size>
         <input_file_ref idref="fl-b"/>
      </object_component>
      <object_component id="oc-305">
         <name>.debug_info</name>
         <load_address>0x8ea3</load_address>
         <run_address>0x8ea3</run_address>
         <size>0x37cd</size>
         <input_file_ref idref="fl-b"/>
      </object_component>
      <object_component id="oc-1ef">
         <name>.debug_info</name>
         <load_address>0xc670</load_address>
         <run_address>0xc670</run_address>
         <size>0x1055</size>
         <input_file_ref idref="fl-b"/>
      </object_component>
      <object_component id="oc-165">
         <name>.debug_info</name>
         <load_address>0xd6c5</load_address>
         <run_address>0xd6c5</run_address>
         <size>0x18b</size>
         <input_file_ref idref="fl-b"/>
      </object_component>
      <object_component id="oc-16a">
         <name>.debug_info</name>
         <load_address>0xd850</load_address>
         <run_address>0xd850</run_address>
         <size>0x689</size>
         <input_file_ref idref="fl-c"/>
      </object_component>
      <object_component id="oc-156">
         <name>.debug_info</name>
         <load_address>0xded9</load_address>
         <run_address>0xded9</run_address>
         <size>0x19a</size>
         <input_file_ref idref="fl-c"/>
      </object_component>
      <object_component id="oc-15f">
         <name>.debug_info</name>
         <load_address>0xe073</load_address>
         <run_address>0xe073</run_address>
         <size>0xc6</size>
         <input_file_ref idref="fl-c"/>
      </object_component>
      <object_component id="oc-162">
         <name>.debug_info</name>
         <load_address>0xe139</load_address>
         <run_address>0xe139</run_address>
         <size>0xc6</size>
         <input_file_ref idref="fl-c"/>
      </object_component>
      <object_component id="oc-ae">
         <name>.debug_info</name>
         <load_address>0xe1ff</load_address>
         <run_address>0xe1ff</run_address>
         <size>0x1818</size>
         <input_file_ref idref="fl-c"/>
      </object_component>
      <object_component id="oc-1ea">
         <name>.debug_info</name>
         <load_address>0xfa17</load_address>
         <run_address>0xfa17</run_address>
         <size>0x37cd</size>
         <input_file_ref idref="fl-c"/>
      </object_component>
      <object_component id="oc-150">
         <name>.debug_info</name>
         <load_address>0x131e4</load_address>
         <run_address>0x131e4</run_address>
         <size>0x28b</size>
         <input_file_ref idref="fl-d"/>
      </object_component>
      <object_component id="oc-1e3">
         <name>.debug_info</name>
         <load_address>0x1346f</load_address>
         <run_address>0x1346f</run_address>
         <size>0x1f1</size>
         <input_file_ref idref="fl-e"/>
      </object_component>
      <object_component id="oc-1d7">
         <name>.debug_info</name>
         <load_address>0x13660</load_address>
         <run_address>0x13660</run_address>
         <size>0xce</size>
         <input_file_ref idref="fl-e"/>
      </object_component>
      <object_component id="oc-1dd">
         <name>.debug_info</name>
         <load_address>0x1372e</load_address>
         <run_address>0x1372e</run_address>
         <size>0xd0</size>
         <input_file_ref idref="fl-e"/>
      </object_component>
      <object_component id="oc-1da">
         <name>.debug_info</name>
         <load_address>0x137fe</load_address>
         <run_address>0x137fe</run_address>
         <size>0xd2</size>
         <input_file_ref idref="fl-e"/>
      </object_component>
      <object_component id="oc-1d4">
         <name>.debug_info</name>
         <load_address>0x138d0</load_address>
         <run_address>0x138d0</run_address>
         <size>0x15d</size>
         <input_file_ref idref="fl-e"/>
      </object_component>
      <object_component id="oc-1e0">
         <name>.debug_info</name>
         <load_address>0x13a2d</load_address>
         <run_address>0x13a2d</run_address>
         <size>0xe7</size>
         <input_file_ref idref="fl-e"/>
      </object_component>
      <object_component id="oc-15b">
         <name>.debug_info</name>
         <load_address>0x13b14</load_address>
         <run_address>0x13b14</run_address>
         <size>0x1a6f</size>
         <input_file_ref idref="fl-e"/>
      </object_component>
      <object_component id="oc-182">
         <name>.debug_info</name>
         <load_address>0x15583</load_address>
         <run_address>0x15583</run_address>
         <size>0x333</size>
         <input_file_ref idref="fl-c4"/>
      </object_component>
      <object_component id="oc-c4">
         <name>.debug_info</name>
         <load_address>0x158b6</load_address>
         <run_address>0x158b6</run_address>
         <size>0x1d1</size>
         <input_file_ref idref="fl-c4"/>
      </object_component>
      <object_component id="oc-177">
         <name>.debug_info</name>
         <load_address>0x15a87</load_address>
         <run_address>0x15a87</run_address>
         <size>0x18d</size>
         <input_file_ref idref="fl-c4"/>
      </object_component>
      <object_component id="oc-17c">
         <name>.debug_info</name>
         <load_address>0x15c14</load_address>
         <run_address>0x15c14</run_address>
         <size>0x16d</size>
         <input_file_ref idref="fl-c4"/>
      </object_component>
      <object_component id="oc-2e5">
         <name>.debug_info</name>
         <load_address>0x15d81</load_address>
         <run_address>0x15d81</run_address>
         <size>0x2c</size>
         <input_file_ref idref="fl-c4"/>
      </object_component>
      <object_component id="oc-38">
         <name>.debug_info</name>
         <load_address>0x15dad</load_address>
         <run_address>0x15dad</run_address>
         <size>0x119</size>
         <input_file_ref idref="fl-c5"/>
      </object_component>
      <object_component id="oc-8c">
         <name>.debug_info</name>
         <load_address>0x15ec6</load_address>
         <run_address>0x15ec6</run_address>
         <size>0x2d4</size>
         <input_file_ref idref="fl-c6"/>
      </object_component>
      <object_component id="oc-4d">
         <name>.debug_info</name>
         <load_address>0x1619a</load_address>
         <run_address>0x1619a</run_address>
         <size>0x1b5</size>
         <input_file_ref idref="fl-c6"/>
      </object_component>
      <object_component id="oc-87">
         <name>.debug_info</name>
         <load_address>0x1634f</load_address>
         <run_address>0x1634f</run_address>
         <size>0x46</size>
         <input_file_ref idref="fl-c6"/>
      </object_component>
      <object_component id="oc-104">
         <name>.debug_info</name>
         <load_address>0x16395</load_address>
         <run_address>0x16395</run_address>
         <size>0x2c</size>
         <input_file_ref idref="fl-c6"/>
      </object_component>
      <object_component id="oc-42">
         <name>.debug_info</name>
         <load_address>0x163c1</load_address>
         <run_address>0x163c1</run_address>
         <size>0x2a8</size>
         <input_file_ref idref="fl-c7"/>
      </object_component>
      <object_component id="oc-1f">
         <name>.debug_info</name>
         <load_address>0x16669</load_address>
         <run_address>0x16669</run_address>
         <size>0x1ea</size>
         <input_file_ref idref="fl-c7"/>
      </object_component>
      <object_component id="oc-3d">
         <name>.debug_info</name>
         <load_address>0x16853</load_address>
         <run_address>0x16853</run_address>
         <size>0x46</size>
         <input_file_ref idref="fl-c7"/>
      </object_component>
      <object_component id="oc-7f">
         <name>.debug_info</name>
         <load_address>0x16899</load_address>
         <run_address>0x16899</run_address>
         <size>0x2c</size>
         <input_file_ref idref="fl-c7"/>
      </object_component>
      <object_component id="oc-7d">
         <name>.debug_info</name>
         <load_address>0x168c5</load_address>
         <run_address>0x168c5</run_address>
         <size>0x29e</size>
         <input_file_ref idref="fl-c8"/>
      </object_component>
      <object_component id="oc-1b">
         <name>.debug_info</name>
         <load_address>0x16b63</load_address>
         <run_address>0x16b63</run_address>
         <size>0x250</size>
         <input_file_ref idref="fl-c8"/>
      </object_component>
      <object_component id="oc-2d">
         <name>.debug_info</name>
         <load_address>0x16db3</load_address>
         <run_address>0x16db3</run_address>
         <size>0x60</size>
         <input_file_ref idref="fl-c8"/>
      </object_component>
      <object_component id="oc-fd">
         <name>.debug_info</name>
         <load_address>0x16e13</load_address>
         <run_address>0x16e13</run_address>
         <size>0x46</size>
         <input_file_ref idref="fl-c8"/>
      </object_component>
      <object_component id="oc-78">
         <name>.debug_info</name>
         <load_address>0x16e59</load_address>
         <run_address>0x16e59</run_address>
         <size>0x39</size>
         <input_file_ref idref="fl-c8"/>
      </object_component>
      <object_component id="oc-2a">
         <name>.debug_info</name>
         <load_address>0x16e92</load_address>
         <run_address>0x16e92</run_address>
         <size>0x10b</size>
         <input_file_ref idref="fl-c9"/>
      </object_component>
      <object_component id="oc-58">
         <name>.debug_info</name>
         <load_address>0x16f9d</load_address>
         <run_address>0x16f9d</run_address>
         <size>0x1a9</size>
         <input_file_ref idref="fl-c9"/>
      </object_component>
      <object_component id="oc-236">
         <name>.debug_info</name>
         <load_address>0x17146</load_address>
         <run_address>0x17146</run_address>
         <size>0x590</size>
         <input_file_ref idref="fl-ca"/>
      </object_component>
      <object_component id="oc-201">
         <name>.debug_info</name>
         <load_address>0x176d6</load_address>
         <run_address>0x176d6</run_address>
         <size>0x21e</size>
         <input_file_ref idref="fl-ca"/>
      </object_component>
      <object_component id="oc-2a8">
         <name>.debug_info</name>
         <load_address>0x178f4</load_address>
         <run_address>0x178f4</run_address>
         <size>0x1b3</size>
         <input_file_ref idref="fl-ca"/>
      </object_component>
      <object_component id="oc-2ae">
         <name>.debug_info</name>
         <load_address>0x17aa7</load_address>
         <run_address>0x17aa7</run_address>
         <size>0x21b</size>
         <input_file_ref idref="fl-ca"/>
      </object_component>
      <object_component id="oc-20c">
         <name>.debug_info</name>
         <load_address>0x17cc2</load_address>
         <run_address>0x17cc2</run_address>
         <size>0x3c0</size>
         <input_file_ref idref="fl-ca"/>
      </object_component>
      <object_component id="oc-2b5">
         <name>.debug_info</name>
         <load_address>0x18082</load_address>
         <run_address>0x18082</run_address>
         <size>0x30a</size>
         <input_file_ref idref="fl-ca"/>
      </object_component>
      <object_component id="oc-2bb">
         <name>.debug_info</name>
         <load_address>0x1838c</load_address>
         <run_address>0x1838c</run_address>
         <size>0x215</size>
         <input_file_ref idref="fl-ca"/>
      </object_component>
      <object_component id="oc-212">
         <name>.debug_info</name>
         <load_address>0x185a1</load_address>
         <run_address>0x185a1</run_address>
         <size>0x215</size>
         <input_file_ref idref="fl-ca"/>
      </object_component>
      <object_component id="oc-218">
         <name>.debug_info</name>
         <load_address>0x187b6</load_address>
         <run_address>0x187b6</run_address>
         <size>0x304</size>
         <input_file_ref idref="fl-ca"/>
      </object_component>
      <object_component id="oc-21e">
         <name>.debug_info</name>
         <load_address>0x18aba</load_address>
         <run_address>0x18aba</run_address>
         <size>0x4b5</size>
         <input_file_ref idref="fl-ca"/>
      </object_component>
      <object_component id="oc-170">
         <name>.debug_info</name>
         <load_address>0x18f6f</load_address>
         <run_address>0x18f6f</run_address>
         <size>0x5f4</size>
         <input_file_ref idref="fl-ca"/>
      </object_component>
      <object_component id="oc-237">
         <name>.debug_info</name>
         <load_address>0x19563</load_address>
         <run_address>0x19563</run_address>
         <size>0x86</size>
         <input_file_ref idref="fl-ca"/>
      </object_component>
      <object_component id="oc-2ea">
         <name>.debug_info</name>
         <load_address>0x195e9</load_address>
         <run_address>0x195e9</run_address>
         <size>0x39</size>
         <input_file_ref idref="fl-ca"/>
      </object_component>
      <object_component id="oc-341">
         <name>.debug_info</name>
         <load_address>0x19622</load_address>
         <run_address>0x19622</run_address>
         <size>0xb6</size>
         <input_file_ref idref="fl-ca"/>
      </object_component>
      <object_component id="oc-2ef">
         <name>.debug_info</name>
         <load_address>0x196d8</load_address>
         <run_address>0x196d8</run_address>
         <size>0x46</size>
         <input_file_ref idref="fl-ca"/>
      </object_component>
      <object_component id="oc-23c">
         <name>.debug_info</name>
         <load_address>0x1971e</load_address>
         <run_address>0x1971e</run_address>
         <size>0x46</size>
         <input_file_ref idref="fl-ca"/>
      </object_component>
      <object_component id="oc-324">
         <name>.debug_info</name>
         <load_address>0x19764</load_address>
         <run_address>0x19764</run_address>
         <size>0x295</size>
         <input_file_ref idref="fl-cb"/>
      </object_component>
      <object_component id="oc-2c3">
         <name>.debug_info</name>
         <load_address>0x199f9</load_address>
         <run_address>0x199f9</run_address>
         <size>0x195</size>
         <input_file_ref idref="fl-cb"/>
      </object_component>
      <object_component id="oc-34d">
         <name>.debug_info</name>
         <load_address>0x19b8e</load_address>
         <run_address>0x19b8e</run_address>
         <size>0x39</size>
         <input_file_ref idref="fl-cb"/>
      </object_component>
      <object_component id="oc-325">
         <name>.debug_info</name>
         <load_address>0x19bc7</load_address>
         <run_address>0x19bc7</run_address>
         <size>0x2c</size>
         <input_file_ref idref="fl-cb"/>
      </object_component>
      <object_component id="oc-331">
         <name>.debug_info</name>
         <load_address>0x19bf3</load_address>
         <run_address>0x19bf3</run_address>
         <size>0x2f8</size>
         <input_file_ref idref="fl-cc"/>
      </object_component>
      <object_component id="oc-2cc">
         <name>.debug_info</name>
         <load_address>0x19eeb</load_address>
         <run_address>0x19eeb</run_address>
         <size>0x225</size>
         <input_file_ref idref="fl-cc"/>
      </object_component>
      <object_component id="oc-2dd">
         <name>.debug_info</name>
         <load_address>0x1a110</load_address>
         <run_address>0x1a110</run_address>
         <size>0x28f</size>
         <input_file_ref idref="fl-cd"/>
      </object_component>
      <object_component id="oc-22c">
         <name>.debug_info</name>
         <load_address>0x1a39f</load_address>
         <run_address>0x1a39f</run_address>
         <size>0x15a</size>
         <input_file_ref idref="fl-cd"/>
      </object_component>
      <object_component id="oc-336">
         <name>.debug_info</name>
         <load_address>0x1a4f9</load_address>
         <run_address>0x1a4f9</run_address>
         <size>0x46</size>
         <input_file_ref idref="fl-cd"/>
      </object_component>
      <object_component id="oc-2d8">
         <name>.debug_info</name>
         <load_address>0x1a53f</load_address>
         <run_address>0x1a53f</run_address>
         <size>0x39</size>
         <input_file_ref idref="fl-cd"/>
      </object_component>
      <object_component id="oc-2a4">
         <name>.debug_info</name>
         <load_address>0x1a578</load_address>
         <run_address>0x1a578</run_address>
         <size>0x14c</size>
         <input_file_ref idref="fl-ce"/>
      </object_component>
      <object_component id="oc-207">
         <name>.debug_info</name>
         <load_address>0x1a6c4</load_address>
         <run_address>0x1a6c4</run_address>
         <size>0x128</size>
         <input_file_ref idref="fl-cf"/>
      </object_component>
      <object_component id="oc-28e">
         <name>.debug_info</name>
         <load_address>0x1a7ec</load_address>
         <run_address>0x1a7ec</run_address>
         <size>0x12a</size>
         <input_file_ref idref="fl-cf"/>
      </object_component>
      <object_component id="oc-289">
         <name>.debug_info</name>
         <load_address>0x1a916</load_address>
         <run_address>0x1a916</run_address>
         <size>0x13a</size>
         <input_file_ref idref="fl-d0"/>
      </object_component>
      <object_component id="oc-284">
         <name>.debug_info</name>
         <load_address>0x1aa50</load_address>
         <run_address>0x1aa50</run_address>
         <size>0x13a</size>
         <input_file_ref idref="fl-d1"/>
      </object_component>
      <object_component id="oc-294">
         <name>.debug_info</name>
         <load_address>0x1ab8a</load_address>
         <run_address>0x1ab8a</run_address>
         <size>0x12e</size>
         <input_file_ref idref="fl-d2"/>
      </object_component>
      <object_component id="oc-2a0">
         <name>.debug_info</name>
         <load_address>0x1acb8</load_address>
         <run_address>0x1acb8</run_address>
         <size>0x12c</size>
         <input_file_ref idref="fl-d3"/>
      </object_component>
      <object_component id="oc-27d">
         <name>.debug_info</name>
         <load_address>0x1ade4</load_address>
         <run_address>0x1ade4</run_address>
         <size>0x134</size>
         <input_file_ref idref="fl-d4"/>
      </object_component>
      <object_component id="oc-90">
         <name>.debug_info</name>
         <load_address>0x1af18</load_address>
         <run_address>0x1af18</run_address>
         <size>0x147</size>
         <input_file_ref idref="fl-d5"/>
      </object_component>
      <object_component id="oc-1b9">
         <name>.debug_info</name>
         <load_address>0x1b05f</load_address>
         <run_address>0x1b05f</run_address>
         <size>0x4b3</size>
         <input_file_ref idref="fl-d6"/>
      </object_component>
      <object_component id="oc-11b">
         <name>.debug_info</name>
         <load_address>0x1b512</load_address>
         <run_address>0x1b512</run_address>
         <size>0x1a6</size>
         <input_file_ref idref="fl-d6"/>
      </object_component>
      <object_component id="oc-257">
         <name>.debug_info</name>
         <load_address>0x1b6b8</load_address>
         <run_address>0x1b6b8</run_address>
         <size>0x39</size>
         <input_file_ref idref="fl-d6"/>
      </object_component>
      <object_component id="oc-2f7">
         <name>.debug_info</name>
         <load_address>0x1b6f1</load_address>
         <run_address>0x1b6f1</run_address>
         <size>0x39</size>
         <input_file_ref idref="fl-d6"/>
      </object_component>
      <object_component id="oc-25c">
         <name>.debug_info</name>
         <load_address>0x1b72a</load_address>
         <run_address>0x1b72a</run_address>
         <size>0x39</size>
         <input_file_ref idref="fl-d6"/>
      </object_component>
      <object_component id="oc-261">
         <name>.debug_info</name>
         <load_address>0x1b763</load_address>
         <run_address>0x1b763</run_address>
         <size>0xcd</size>
         <input_file_ref idref="fl-d6"/>
      </object_component>
      <object_component id="oc-94">
         <name>.debug_info</name>
         <load_address>0x1b830</load_address>
         <run_address>0x1b830</run_address>
         <size>0x153</size>
         <input_file_ref idref="fl-d7"/>
      </object_component>
      <object_component id="oc-10f">
         <name>.debug_info</name>
         <load_address>0x1b983</load_address>
         <run_address>0x1b983</run_address>
         <size>0x122</size>
         <input_file_ref idref="fl-d9"/>
      </object_component>
      <object_component id="oc-31c">
         <name>.debug_info</name>
         <load_address>0x1baa5</load_address>
         <run_address>0x1baa5</run_address>
         <size>0x29c</size>
         <input_file_ref idref="fl-db"/>
      </object_component>
      <object_component id="oc-29a">
         <name>.debug_info</name>
         <load_address>0x1bd41</load_address>
         <run_address>0x1bd41</run_address>
         <size>0x1da</size>
         <input_file_ref idref="fl-db"/>
      </object_component>
      <object_component id="oc-27b">
         <name>.debug_info</name>
         <load_address>0x1bf1b</load_address>
         <run_address>0x1bf1b</run_address>
         <size>0x2b9</size>
         <input_file_ref idref="fl-dd"/>
      </object_component>
      <object_component id="oc-1fc">
         <name>.debug_info</name>
         <load_address>0x1c1d4</load_address>
         <run_address>0x1c1d4</run_address>
         <size>0x17c</size>
         <input_file_ref idref="fl-dd"/>
      </object_component>
      <object_component id="oc-30e">
         <name>.debug_info</name>
         <load_address>0x1c350</load_address>
         <run_address>0x1c350</run_address>
         <size>0xf9</size>
         <input_file_ref idref="fl-de"/>
      </object_component>
      <object_component id="oc-278">
         <name>.debug_info</name>
         <load_address>0x1c449</load_address>
         <run_address>0x1c449</run_address>
         <size>0x105</size>
         <input_file_ref idref="fl-de"/>
      </object_component>
      <object_component id="oc-2d6">
         <name>.debug_info</name>
         <load_address>0x1c54e</load_address>
         <run_address>0x1c54e</run_address>
         <size>0x2a7</size>
         <input_file_ref idref="fl-df"/>
      </object_component>
      <object_component id="oc-226">
         <name>.debug_info</name>
         <load_address>0x1c7f5</load_address>
         <run_address>0x1c7f5</run_address>
         <size>0x1b8</size>
         <input_file_ref idref="fl-df"/>
      </object_component>
      <object_component id="oc-333">
         <name>.debug_info</name>
         <load_address>0x1c9ad</load_address>
         <run_address>0x1c9ad</run_address>
         <size>0x29a</size>
         <input_file_ref idref="fl-e0"/>
      </object_component>
      <object_component id="oc-2d0">
         <name>.debug_info</name>
         <load_address>0x1cc47</load_address>
         <run_address>0x1cc47</run_address>
         <size>0x262</size>
         <input_file_ref idref="fl-e0"/>
      </object_component>
      <object_component id="oc-276">
         <name>.debug_info</name>
         <load_address>0x1cea9</load_address>
         <run_address>0x1cea9</run_address>
         <size>0x28f</size>
         <input_file_ref idref="fl-e1"/>
      </object_component>
      <object_component id="oc-1f6">
         <name>.debug_info</name>
         <load_address>0x1d138</load_address>
         <run_address>0x1d138</run_address>
         <size>0x245</size>
         <input_file_ref idref="fl-e1"/>
      </object_component>
      <object_component id="oc-2e2">
         <name>.debug_info</name>
         <load_address>0x1d37d</load_address>
         <run_address>0x1d37d</run_address>
         <size>0x289</size>
         <input_file_ref idref="fl-e2"/>
      </object_component>
      <object_component id="oc-2df">
         <name>.debug_info</name>
         <load_address>0x1d606</load_address>
         <run_address>0x1d606</run_address>
         <size>0x10e</size>
         <input_file_ref idref="fl-e2"/>
      </object_component>
      <object_component id="oc-233">
         <name>.debug_info</name>
         <load_address>0x1d714</load_address>
         <run_address>0x1d714</run_address>
         <size>0x14e</size>
         <input_file_ref idref="fl-e2"/>
      </object_component>
      <object_component id="oc-32b">
         <name>.debug_info</name>
         <load_address>0x1d862</load_address>
         <run_address>0x1d862</run_address>
         <size>0x161</size>
         <input_file_ref idref="fl-e3"/>
      </object_component>
      <object_component id="oc-312">
         <name>.debug_info</name>
         <load_address>0x1d9c3</load_address>
         <run_address>0x1d9c3</run_address>
         <size>0x115</size>
         <input_file_ref idref="fl-e4"/>
      </object_component>
      <object_component id="oc-38c">
         <name>.debug_info</name>
         <load_address>0x1dad8</load_address>
         <run_address>0x1dad8</run_address>
         <size>0xb0</size>
      </object_component>
      <object_component id="oc-246">
         <name>.debug_line</name>
         <load_address>0x0</load_address>
         <run_address>0x0</run_address>
         <size>0x35</size>
         <input_file_ref idref="fl-2"/>
      </object_component>
      <object_component id="oc-bd">
         <name>.debug_line</name>
         <load_address>0x35</load_address>
         <run_address>0x35</run_address>
         <size>0x130</size>
         <input_file_ref idref="fl-2"/>
      </object_component>
      <object_component id="oc-fb">
         <name>.debug_line</name>
         <load_address>0x165</load_address>
         <run_address>0x165</run_address>
         <size>0x7a</size>
         <input_file_ref idref="fl-2"/>
      </object_component>
      <object_component id="oc-35">
         <name>.debug_line</name>
         <load_address>0x1df</load_address>
         <run_address>0x1df</run_address>
         <size>0x20</size>
         <input_file_ref idref="fl-2"/>
      </object_component>
      <object_component id="oc-19f">
         <name>.debug_line</name>
         <load_address>0x1ff</load_address>
         <run_address>0x1ff</run_address>
         <size>0x7e</size>
         <input_file_ref idref="fl-2"/>
      </object_component>
      <object_component id="oc-e9">
         <name>.debug_line</name>
         <load_address>0x27d</load_address>
         <run_address>0x27d</run_address>
         <size>0x7b</size>
         <input_file_ref idref="fl-2"/>
      </object_component>
      <object_component id="oc-ee">
         <name>.debug_line</name>
         <load_address>0x2f8</load_address>
         <run_address>0x2f8</run_address>
         <size>0x35</size>
         <input_file_ref idref="fl-2"/>
      </object_component>
      <object_component id="oc-186">
         <name>.debug_line</name>
         <load_address>0x32d</load_address>
         <run_address>0x32d</run_address>
         <size>0x76</size>
         <input_file_ref idref="fl-2"/>
      </object_component>
      <object_component id="oc-1a2">
         <name>.debug_line</name>
         <load_address>0x3a3</load_address>
         <run_address>0x3a3</run_address>
         <size>0xa7</size>
         <input_file_ref idref="fl-3"/>
      </object_component>
      <object_component id="oc-193">
         <name>.debug_line</name>
         <load_address>0x44a</load_address>
         <run_address>0x44a</run_address>
         <size>0x2d</size>
         <input_file_ref idref="fl-3"/>
      </object_component>
      <object_component id="oc-19b">
         <name>.debug_line</name>
         <load_address>0x477</load_address>
         <run_address>0x477</run_address>
         <size>0x2d</size>
         <input_file_ref idref="fl-3"/>
      </object_component>
      <object_component id="oc-16c">
         <name>.debug_line</name>
         <load_address>0x4a4</load_address>
         <run_address>0x4a4</run_address>
         <size>0x2d</size>
         <input_file_ref idref="fl-3"/>
      </object_component>
      <object_component id="oc-189">
         <name>.debug_line</name>
         <load_address>0x4d1</load_address>
         <run_address>0x4d1</run_address>
         <size>0x2d</size>
         <input_file_ref idref="fl-3"/>
      </object_component>
      <object_component id="oc-18b">
         <name>.debug_line</name>
         <load_address>0x4fe</load_address>
         <run_address>0x4fe</run_address>
         <size>0x2d</size>
         <input_file_ref idref="fl-3"/>
      </object_component>
      <object_component id="oc-18d">
         <name>.debug_line</name>
         <load_address>0x52b</load_address>
         <run_address>0x52b</run_address>
         <size>0x2d</size>
         <input_file_ref idref="fl-3"/>
      </object_component>
      <object_component id="oc-18f">
         <name>.debug_line</name>
         <load_address>0x558</load_address>
         <run_address>0x558</run_address>
         <size>0x2d</size>
         <input_file_ref idref="fl-3"/>
      </object_component>
      <object_component id="oc-191">
         <name>.debug_line</name>
         <load_address>0x585</load_address>
         <run_address>0x585</run_address>
         <size>0x2d</size>
         <input_file_ref idref="fl-3"/>
      </object_component>
      <object_component id="oc-195">
         <name>.debug_line</name>
         <load_address>0x5b2</load_address>
         <run_address>0x5b2</run_address>
         <size>0x2d</size>
         <input_file_ref idref="fl-3"/>
      </object_component>
      <object_component id="oc-197">
         <name>.debug_line</name>
         <load_address>0x5df</load_address>
         <run_address>0x5df</run_address>
         <size>0x2d</size>
         <input_file_ref idref="fl-3"/>
      </object_component>
      <object_component id="oc-199">
         <name>.debug_line</name>
         <load_address>0x60c</load_address>
         <run_address>0x60c</run_address>
         <size>0x2d</size>
         <input_file_ref idref="fl-3"/>
      </object_component>
      <object_component id="oc-71">
         <name>.debug_line</name>
         <load_address>0x639</load_address>
         <run_address>0x639</run_address>
         <size>0x3e9</size>
         <input_file_ref idref="fl-3"/>
      </object_component>
      <object_component id="oc-1a6">
         <name>.debug_line</name>
         <load_address>0xa22</load_address>
         <run_address>0xa22</run_address>
         <size>0x63</size>
         <input_file_ref idref="fl-3"/>
      </object_component>
      <object_component id="oc-1ab">
         <name>.debug_line</name>
         <load_address>0xa85</load_address>
         <run_address>0xa85</run_address>
         <size>0x66</size>
         <input_file_ref idref="fl-3"/>
      </object_component>
      <object_component id="oc-f4">
         <name>.debug_line</name>
         <load_address>0xaeb</load_address>
         <run_address>0xaeb</run_address>
         <size>0x2d</size>
         <input_file_ref idref="fl-3"/>
      </object_component>
      <object_component id="oc-f7">
         <name>.debug_line</name>
         <load_address>0xb18</load_address>
         <run_address>0xb18</run_address>
         <size>0x40</size>
         <input_file_ref idref="fl-4"/>
      </object_component>
      <object_component id="oc-74">
         <name>.debug_line</name>
         <load_address>0xb58</load_address>
         <run_address>0xb58</run_address>
         <size>0x40</size>
         <input_file_ref idref="fl-4"/>
      </object_component>
      <object_component id="oc-6b">
         <name>.debug_line</name>
         <load_address>0xb98</load_address>
         <run_address>0xb98</run_address>
         <size>0x71</size>
         <input_file_ref idref="fl-4"/>
      </object_component>
      <object_component id="oc-1cf">
         <name>.debug_line</name>
         <load_address>0xc09</load_address>
         <run_address>0xc09</run_address>
         <size>0x3b</size>
         <input_file_ref idref="fl-5"/>
      </object_component>
      <object_component id="oc-a6">
         <name>.debug_line</name>
         <load_address>0xc44</load_address>
         <run_address>0xc44</run_address>
         <size>0x134</size>
         <input_file_ref idref="fl-5"/>
      </object_component>
      <object_component id="oc-304">
         <name>.debug_line</name>
         <load_address>0xd78</load_address>
         <run_address>0xd78</run_address>
         <size>0x20</size>
         <input_file_ref idref="fl-b"/>
      </object_component>
      <object_component id="oc-b7">
         <name>.debug_line</name>
         <load_address>0xd98</load_address>
         <run_address>0xd98</run_address>
         <size>0x75</size>
         <input_file_ref idref="fl-b"/>
      </object_component>
      <object_component id="oc-308">
         <name>.debug_line</name>
         <load_address>0xe0d</load_address>
         <run_address>0xe0d</run_address>
         <size>0x52</size>
         <input_file_ref idref="fl-b"/>
      </object_component>
      <object_component id="oc-1f2">
         <name>.debug_line</name>
         <load_address>0xe5f</load_address>
         <run_address>0xe5f</run_address>
         <size>0x55</size>
         <input_file_ref idref="fl-b"/>
      </object_component>
      <object_component id="oc-168">
         <name>.debug_line</name>
         <load_address>0xeb4</load_address>
         <run_address>0xeb4</run_address>
         <size>0x65</size>
         <input_file_ref idref="fl-b"/>
      </object_component>
      <object_component id="oc-1e9">
         <name>.debug_line</name>
         <load_address>0xf19</load_address>
         <run_address>0xf19</run_address>
         <size>0x41</size>
         <input_file_ref idref="fl-c"/>
      </object_component>
      <object_component id="oc-1d2">
         <name>.debug_line</name>
         <load_address>0xf5a</load_address>
         <run_address>0xf5a</run_address>
         <size>0x2c</size>
         <input_file_ref idref="fl-c"/>
      </object_component>
      <object_component id="oc-1e5">
         <name>.debug_line</name>
         <load_address>0xf86</load_address>
         <run_address>0xf86</run_address>
         <size>0x2c</size>
         <input_file_ref idref="fl-c"/>
      </object_component>
      <object_component id="oc-1e7">
         <name>.debug_line</name>
         <load_address>0xfb2</load_address>
         <run_address>0xfb2</run_address>
         <size>0x2c</size>
         <input_file_ref idref="fl-c"/>
      </object_component>
      <object_component id="oc-b0">
         <name>.debug_line</name>
         <load_address>0xfde</load_address>
         <run_address>0xfde</run_address>
         <size>0x3fd</size>
         <input_file_ref idref="fl-c"/>
      </object_component>
      <object_component id="oc-1ed">
         <name>.debug_line</name>
         <load_address>0x13db</load_address>
         <run_address>0x13db</run_address>
         <size>0x52</size>
         <input_file_ref idref="fl-c"/>
      </object_component>
      <object_component id="oc-153">
         <name>.debug_line</name>
         <load_address>0x142d</load_address>
         <run_address>0x142d</run_address>
         <size>0xb5</size>
         <input_file_ref idref="fl-d"/>
      </object_component>
      <object_component id="oc-273">
         <name>.debug_line</name>
         <load_address>0x14e2</load_address>
         <run_address>0x14e2</run_address>
         <size>0x41</size>
         <input_file_ref idref="fl-e"/>
      </object_component>
      <object_component id="oc-26b">
         <name>.debug_line</name>
         <load_address>0x1523</load_address>
         <run_address>0x1523</run_address>
         <size>0x2e</size>
         <input_file_ref idref="fl-e"/>
      </object_component>
      <object_component id="oc-26f">
         <name>.debug_line</name>
         <load_address>0x1551</load_address>
         <run_address>0x1551</run_address>
         <size>0x2e</size>
         <input_file_ref idref="fl-e"/>
      </object_component>
      <object_component id="oc-26d">
         <name>.debug_line</name>
         <load_address>0x157f</load_address>
         <run_address>0x157f</run_address>
         <size>0x2e</size>
         <input_file_ref idref="fl-e"/>
      </object_component>
      <object_component id="oc-269">
         <name>.debug_line</name>
         <load_address>0x15ad</load_address>
         <run_address>0x15ad</run_address>
         <size>0x31</size>
         <input_file_ref idref="fl-e"/>
      </object_component>
      <object_component id="oc-271">
         <name>.debug_line</name>
         <load_address>0x15de</load_address>
         <run_address>0x15de</run_address>
         <size>0x31</size>
         <input_file_ref idref="fl-e"/>
      </object_component>
      <object_component id="oc-15d">
         <name>.debug_line</name>
         <load_address>0x160f</load_address>
         <run_address>0x160f</run_address>
         <size>0x629</size>
         <input_file_ref idref="fl-e"/>
      </object_component>
      <object_component id="oc-244">
         <name>.debug_line</name>
         <load_address>0x1c38</load_address>
         <run_address>0x1c38</run_address>
         <size>0x2d</size>
         <input_file_ref idref="fl-c4"/>
      </object_component>
      <object_component id="oc-c3">
         <name>.debug_line</name>
         <load_address>0x1c65</load_address>
         <run_address>0x1c65</run_address>
         <size>0x4b</size>
         <input_file_ref idref="fl-c4"/>
      </object_component>
      <object_component id="oc-17a">
         <name>.debug_line</name>
         <load_address>0x1cb0</load_address>
         <run_address>0x1cb0</run_address>
         <size>0x4b</size>
         <input_file_ref idref="fl-c4"/>
      </object_component>
      <object_component id="oc-17f">
         <name>.debug_line</name>
         <load_address>0x1cfb</load_address>
         <run_address>0x1cfb</run_address>
         <size>0x3f</size>
         <input_file_ref idref="fl-c4"/>
      </object_component>
      <object_component id="oc-2e8">
         <name>.debug_line</name>
         <load_address>0x1d3a</load_address>
         <run_address>0x1d3a</run_address>
         <size>0x91</size>
         <input_file_ref idref="fl-c4"/>
      </object_component>
      <object_component id="oc-3b">
         <name>.debug_line</name>
         <load_address>0x1dcb</load_address>
         <run_address>0x1dcb</run_address>
         <size>0x88</size>
         <input_file_ref idref="fl-c5"/>
      </object_component>
      <object_component id="oc-10a">
         <name>.debug_line</name>
         <load_address>0x1e53</load_address>
         <run_address>0x1e53</run_address>
         <size>0x92</size>
         <input_file_ref idref="fl-c6"/>
      </object_component>
      <object_component id="oc-4c">
         <name>.debug_line</name>
         <load_address>0x1ee5</load_address>
         <run_address>0x1ee5</run_address>
         <size>0x53</size>
         <input_file_ref idref="fl-c6"/>
      </object_component>
      <object_component id="oc-8a">
         <name>.debug_line</name>
[...]
      </symbol>
      <symbol id="sm-272">
         <name>getLinea</name>
         <value>0x2467</value>
         <object_component_ref idref="oc-ac"/>
      </symbol>
      <symbol id="sm-273">
         <name>initLCD</name>
         <value>0x26dd</value>
         <object_component_ref idref="oc-ac"/>
      </symbol>
      <symbol id="sm-292">
         <name>writeData</name>
         <value>0x370d</value>
         <object_component_ref idref="oc-14f"/>
      </symbol>
      <symbol id="sm-293">
         <name>writeCommand</name>
         <value>0x3733</value>
         <object_component_ref idref="oc-14f"/>
      </symbol>
      <symbol id="sm-294">
         <name>delay</name>
         <value>0x3759</value>
         <object_component_ref idref="oc-14f"/>
      </symbol>
      <symbol id="sm-295">
         <name>init_spi_lcd_tactil</name>
         <value>0x3635</value>
         <object_component_ref idref="oc-14f"/>
      </symbol>
      <symbol id="sm-360">
         <name>drawCharLgBkg</name>
         <value>0x5c9</value>
         <object_component_ref idref="oc-158"/>
      </symbol>
      <symbol id="sm-361">
         <name>drawPixel</name>
         <value>0x237</value>
         <object_component_ref idref="oc-158"/>
      </symbol>
      <symbol id="sm-362">
         <name>drawImageMono</name>
         <value>0x9e3</value>
         <object_component_ref idref="oc-158"/>
      </symbol>
      <symbol id="sm-363">
         <name>setColor</name>
         <value>0xe5</value>
         <object_component_ref idref="oc-158"/>
      </symbol>
      <symbol id="sm-364">
         <name>bgColorHighByte</name>
         <value>0x20000411</value>
         <object_component_ref idref="oc-1d3"/>
      </symbol>
      <symbol id="sm-365">
         <name>drawCircle</name>
         <value>0xd9b</value>
         <object_component_ref idref="oc-158"/>
      </symbol>
      <symbol id="sm-366">
         <name>drawImageLut</name>
         <value>0x8d5</value>
         <object_component_ref idref="oc-158"/>
      </symbol>
      <symbol id="sm-367">
         <name>drawImage</name>
         <value>0x8bd</value>
         <object_component_ref idref="oc-158"/>
      </symbol>
      <symbol id="sm-368">
         <name>font_11x16</name>
         <value>0x46f8</value>
         <object_component_ref idref="oc-1d9"/>
      </symbol>
      <symbol id="sm-369">
         <name>drawLine</name>
         <value>0xb41</value>
         <object_component_ref idref="oc-158"/>
      </symbol>
      <symbol id="sm-36a">
         <name>font_8x12</name>
         <value>0x4f22</value>
         <object_component_ref idref="oc-1dc"/>
      </symbol>
      <symbol id="sm-36b">
         <name>drawCharMd</name>
         <value>0x6ad</value>
         <object_component_ref idref="oc-158"/>
      </symbol>
      <symbol id="sm-36c">
         <name>drawCharSmBkg</name>
         <value>0x447</value>
         <object_component_ref idref="oc-158"/>
      </symbol>
      <symbol id="sm-36d">
         <name>drawCharLg</name>
         <value>0x521</value>
         <object_component_ref idref="oc-158"/>
      </symbol>
      <symbol id="sm-36e">
         <name>drawCharSm</name>
         <value>0x3a1</value>
         <object_component_ref idref="oc-158"/>
      </symbol>
      <symbol id="sm-36f">
         <name>drawLogicLine</name>
         <value>0xa01</value>
         <object_component_ref idref="oc-158"/>
      </symbol>
      <symbol id="sm-370">
         <name>setBackgroundColor</name>
         <value>0x103</value>
         <object_component_ref idref="oc-158"/>
      </symbol>
      <symbol id="sm-371">
         <name>clearScreenBkg</name>
         <value>0x1af</value>
         <object_component_ref idref="oc-158"/>
      </symbol>
      <symbol id="sm-372">
         <name>fillCircle</name>
         <value>0xfb9</value>
         <object_component_ref idref="oc-158"/>
      </symbol>
      <symbol id="sm-373">
         <name>fillRect</name>
         <value>0xf1b</value>
         <object_component_ref idref="oc-158"/>
      </symbol>
      <symbol id="sm-374">
         <name>drawString</name>
         <value>0x267</value>
         <object_component_ref idref="oc-158"/>
      </symbol>
      <symbol id="sm-375">
         <name>clearScreen</name>
         <value>0x121</value>
         <object_component_ref idref="oc-158"/>
      </symbol>
      <symbol id="sm-376">
         <name>colorLowByte</name>
         <value>0x2000040e</value>
         <object_component_ref idref="oc-1d3"/>
      </symbol>
      <symbol id="sm-377">
         <name>drawCharMdBkg</name>
         <value>0x75b</value>
         <object_component_ref idref="oc-158"/>
      </symbol>
      <symbol id="sm-378">
         <name>font_5x7</name>
         <value>0x5396</value>
         <object_component_ref idref="oc-1d6"/>
      </symbol>
      <symbol id="sm-379">
         <name>drawRect</name>
         <value>0xd37</value>
         <object_component_ref idref="oc-158"/>
      </symbol>
      <symbol id="sm-37a">
         <name>colorHighByte</name>
         <value>0x2000040f</value>
         <object_component_ref idref="oc-1d3"/>
      </symbol>
      <symbol id="sm-37b">
         <name>bgColorLowByte</name>
         <value>0x20000410</value>
         <object_component_ref idref="oc-1d3"/>
      </symbol>
      <symbol id="sm-3a2">
         <name>sprintf</name>
         <value>0x4549</value>
         <object_component_ref idref="oc-c1"/>
      </symbol>
      <symbol id="sm-3bd">
         <name>memcpy</name>
         <value>0x3f07</value>
         <object_component_ref idref="oc-37"/>
      </symbol>
      <symbol id="sm-3be">
         <name>__aeabi_memcpy</name>
         <value>0x3f07</value>
         <object_component_ref idref="oc-37"/>
      </symbol>
      <symbol id="sm-3bf">
         <name>__aeabi_memcpy8</name>
         <value>0x3f07</value>
         <object_component_ref idref="oc-37"/>
      </symbol>
      <symbol id="sm-3c0">
         <name>__aeabi_memcpy4</name>
         <value>0x3f07</value>
         <object_component_ref idref="oc-37"/>
      </symbol>
      <symbol id="sm-3d7">
         <name>__TI_zero_init</name>
         <value>0x46d1</value>
         <object_component_ref idref="oc-49"/>
      </symbol>
      <symbol id="sm-3ee">
         <name>__TI_decompress_none</name>
         <value>0x46b5</value>
         <object_component_ref idref="oc-1d"/>
      </symbol>
      <symbol id="sm-411">
         <name>__TI_decompress_lzss</name>
         <value>0x42a7</value>
         <object_component_ref idref="oc-17"/>
      </symbol>
      <symbol id="sm-424">
         <name>__stack</name>
         <value>0x2000fe00</value>
         <object_component_ref idref="oc-29"/>
      </symbol>
      <symbol id="sm-425">
         <name>_c_int00_noargs</name>
         <value>0x45c9</value>
         <object_component_ref idref="oc-55"/>
      </symbol>
      <symbol id="sm-58a">
         <name>__TI_printfi</name>
         <value>0x1131</value>
         <object_component_ref idref="oc-16f"/>
      </symbol>
      <symbol id="sm-5aa">
         <name>frexpl</name>
         <value>0x4311</value>
         <object_component_ref idref="oc-2c2"/>
      </symbol>
      <symbol id="sm-5ab">
         <name>frexp</name>
         <value>0x4311</value>
         <object_component_ref idref="oc-2c2"/>
      </symbol>
      <symbol id="sm-5c8">
         <name>scalbn</name>
         <value>0x3b55</value>
         <object_component_ref idref="oc-2c8"/>
      </symbol>
      <symbol id="sm-5c9">
         <name>scalbnl</name>
         <value>0x3b55</value>
         <object_component_ref idref="oc-2c8"/>
      </symbol>
      <symbol id="sm-5ca">
         <name>ldexpl</name>
         <value>0x3b55</value>
         <object_component_ref idref="oc-2c8"/>
      </symbol>
      <symbol id="sm-5cb">
         <name>ldexp</name>
         <value>0x3b55</value>
         <object_component_ref idref="oc-2c8"/>
      </symbol>
      <symbol id="sm-5e4">
         <name>wcslen</name>
         <value>0x46a3</value>
         <object_component_ref idref="oc-229"/>
      </symbol>
      <symbol id="sm-5fb">
         <name>__aeabi_dsub</name>
         <value>0x347d</value>
         <object_component_ref idref="oc-2a2"/>
      </symbol>
      <symbol id="sm-5fc">
         <name>__aeabi_dadd</name>
         <value>0x3487</value>
         <object_component_ref idref="oc-2a2"/>
      </symbol>
      <symbol id="sm-61e">
         <name>__aeabi_cdcmpeq</name>
         <value>0x4039</value>
         <object_component_ref idref="oc-206"/>
      </symbol>
      <symbol id="sm-61f">
         <name>__aeabi_cdcmple</name>
         <value>0x4039</value>
         <object_component_ref idref="oc-206"/>
      </symbol>
      <symbol id="sm-620">
         <name>__aeabi_cdrcmple</name>
         <value>0x40bf</value>
         <object_component_ref idref="oc-28d"/>
      </symbol>
      <symbol id="sm-634">
         <name>__aeabi_ddiv</name>
         <value>0x38f9</value>
         <object_component_ref idref="oc-288"/>
      </symbol>
      <symbol id="sm-63f">
         <name>__aeabi_dmul</name>
         <value>0x3c65</value>
         <object_component_ref idref="oc-283"/>
      </symbol>
      <symbol id="sm-649">
         <name>__aeabi_d2iz</name>
         <value>0x44bd</value>
         <object_component_ref idref="oc-292"/>
      </symbol>
      <symbol id="sm-653">
         <name>__aeabi_i2d</name>
         <value>0x45fd</value>
         <object_component_ref idref="oc-29d"/>
      </symbol>
      <symbol id="sm-660">
         <name>__aeabi_uldivmod</name>
         <value>0x3fa3</value>
         <object_component_ref idref="oc-27c"/>
      </symbol>
      <symbol id="sm-66f">
         <name>__aeabi_memset</name>
         <value>0x4147</value>
         <object_component_ref idref="oc-8d"/>
      </symbol>
      <symbol id="sm-670">
         <name>memset</name>
         <value>0x414d</value>
         <object_component_ref idref="oc-8d"/>
      </symbol>
      <symbol id="sm-671">
         <name>__aeabi_memset8</name>
         <value>0x4147</value>
         <object_component_ref idref="oc-8d"/>
      </symbol>
      <symbol id="sm-672">
         <name>__aeabi_memset4</name>
         <value>0x4147</value>
         <object_component_ref idref="oc-8d"/>
      </symbol>
      <symbol id="sm-673">
         <name>__aeabi_memclr8</name>
         <value>0x4145</value>
         <object_component_ref idref="oc-8d"/>
      </symbol>
      <symbol id="sm-674">
         <name>__aeabi_memclr4</name>
         <value>0x4145</value>
         <object_component_ref idref="oc-8d"/>
      </symbol>
      <symbol id="sm-675">
         <name>__aeabi_memclr</name>
         <value>0x4145</value>
         <object_component_ref idref="oc-8d"/>
      </symbol>
      <symbol id="sm-69d">
         <name>__TI_auto_init_nobinit_nopinit</name>
         <value>0x4505</value>
         <object_component_ref idref="oc-119"/>
      </symbol>
      <symbol id="sm-6a7">
         <name>_system_pre_init</name>
         <value>0x46f1</value>
         <object_component_ref idref="oc-93"/>
      </symbol>
      <symbol id="sm-6b3">
         <name>C$$EXIT</name>
         <value>0x46f5</value>
         <object_component_ref idref="oc-10d"/>
      </symbol>
      <symbol id="sm-6b4">
         <name>abort</name>
         <value>0x46f5</value>
         <object_component_ref idref="oc-10d"/>
      </symbol>
      <symbol id="sm-6c4">
         <name>__TI_ltoa</name>
         <value>0x43cb</value>
         <object_component_ref idref="oc-297"/>
      </symbol>
      <symbol id="sm-6db">
         <name>atoi</name>
         <value>0x4471</value>
         <object_component_ref idref="oc-1fa"/>
      </symbol>
      <symbol id="sm-6e6">
         <name>_ctypes_</name>
         <value>0x5576</value>
         <object_component_ref idref="oc-277"/>
      </symbol>
      <symbol id="sm-6f6">
         <name>memccpy</name>
         <value>0x462b</value>
         <object_component_ref idref="oc-223"/>
      </symbol>
      <symbol id="sm-706">
         <name>strchr</name>
         <value>0x4679</value>
         <object_component_ref idref="oc-2ce"/>
      </symbol>
      <symbol id="sm-714">
         <name>strlen</name>
         <value>0x468f</value>
         <object_component_ref idref="oc-1f4"/>
      </symbol>
      <symbol id="sm-72a">
         <name>__aeabi_errno_addr</name>
         <value>0x46e9</value>
         <object_component_ref idref="oc-22f"/>
      </symbol>
      <symbol id="sm-72b">
         <name>errno</name>
         <value>0x20000414</value>
         <object_component_ref idref="oc-2de"/>
      </symbol>
      <symbol id="sm-735">
         <name>copysign</name>
         <value>0x4647</value>
         <object_component_ref idref="oc-32a"/>
      </symbol>
      <symbol id="sm-736">
         <name>copysignl</name>
         <value>0x4647</value>
         <object_component_ref idref="oc-32a"/>
      </symbol>
      <symbol id="sm-740">
         <name>__aeabi_idiv0</name>
         <value>0x1b7f</value>
         <object_component_ref idref="oc-311"/>
      </symbol>
      <symbol id="sm-741">
         <name>__aeabi_ldiv0</name>
         <value>0x1b7f</value>
         <object_component_ref idref="oc-311"/>
      </symbol>
      <symbol id="sm-742">
         <name>__TI_static_base__</name>
         <value>0x0</value>
      </symbol>
      <symbol id="sm-745">
         <name>__mpu_init</name>
         <value>0x0</value>
      </symbol>
      <symbol id="sm-746">
         <name>_system_post_cinit</name>
         <value>0x0</value>
      </symbol>
      <symbol id="sm-747">
         <name>NMI_Handler</name>
         <value>0x46cf</value>
      </symbol>
      <symbol id="sm-748">
         <name>HardFault_Handler</name>
         <value>0x46cf</value>
      </symbol>
      <symbol id="sm-749">
         <name>MemManage_Handler</name>
         <value>0x46cf</value>
      </symbol>
      <symbol id="sm-74a">
         <name>BusFault_Handler</name>
         <value>0x46cf</value>
      </symbol>
      <symbol id="sm-74b">
         <name>UsageFault_Handler</name>
         <value>0x46cf</value>
      </symbol>
      <symbol id="sm-74c">
         <name>SVC_Handler</name>
         <value>0x46cf</value>
      </symbol>
      <symbol id="sm-74d">
         <name>DebugMon_Handler</name>
         <value>0x46cf</value>
      </symbol>
      <symbol id="sm-74e">
         <name>PendSV_Handler</name>
         <value>0x46cf</value>
      </symbol>
      <symbol id="sm-74f">
         <name>SysTick_Handler</name>
         <value>0x46cf</value>
      </symbol>
      <symbol id="sm-750">
         <name>PSS_IRQHandler</name>
         <value>0x46cf</value>
      </symbol>
      <symbol id="sm-751">
         <name>CS_IRQHandler</name>
         <value>0x46cf</value>
      </symbol>
      <symbol id="sm-752">
         <name>PCM_IRQHandler</name>
         <value>0x46cf</value>
      </symbol>
      <symbol id="sm-753">
         <name>WDT_A_IRQHandler</name>
         <value>0x46cf</value>
      </symbol>
      <symbol id="sm-754">
         <name>FPU_IRQHandler</name>
         <value>0x46cf</value>
      </symbol>
      <symbol id="sm-755">
         <name>FLCTL_IRQHandler</name>
         <value>0x46cf</value>
      </symbol>
      <symbol id="sm-756">
         <name>COMP_E0_IRQHandler</name>
         <value>0x46cf</value>
      </symbol>
      <symbol id="sm-757">
         <name>COMP_E1_IRQHandler</name>
         <value>0x46cf</value>
      </symbol>
      <symbol id="sm-758">
         <name>TA0_0_IRQHandler</name>
         <value>0x226d</value>
      </symbol>
      <symbol id="sm-759">
         <name>TA0_N_IRQHandler</name>
         <value>0x46cf</value>
      </symbol>
      <symbol id="sm-75a">
         <name>TA1_0_IRQHandler</name>
         <value>0x2279</value>
      </symbol>
      <symbol id="sm-75b">
         <name>TA1_N_IRQHandler</name>
         <value>0x46cf</value>
      </symbol>
      <symbol id="sm-75c">
         <name>TA2_0_IRQHandler</name>
         <value>0x228d</value>
      </symbol>
      <symbol id="sm-75d">
         <name>TA2_N_IRQHandler</name>
         <value>0x46cf</value>
      </symbol>
      <symbol id="sm-75e">
         <name>TA3_0_IRQHandler</name>
         <value>0x46cf</value>
      </symbol>
      <symbol id="sm-75f">
         <name>TA3_N_IRQHandler</name>
         <value>0x46cf</value>
      </symbol>
      <symbol id="sm-760">
         <name>EUSCIA0_IRQHandler</name>
         <value>0x46cf</value>
      </symbol>
      <symbol id="sm-761">
         <name>EUSCIA1_IRQHandler</name>
         <value>0x46cf</value>
      </symbol>
      <symbol id="sm-762">
         <name>EUSCIA2_IRQHandler</name>
         <value>0x21dd</value>
      </symbol>
      <symbol id="sm-763">
         <name>EUSCIA3_IRQHandler</name>
         <value>0x46cf</value>
      </symbol>
      <symbol id="sm-764">
         <name>EUSCIB0_IRQHandler</name>
         <value>0x46cf</value>
      </symbol>
      <symbol id="sm-765">
         <name>EUSCIB1_IRQHandler</name>
         <value>0x46cf</value>
      </symbol>
      <symbol id="sm-766">
         <name>EUSCIB2_IRQHandler</name>
         <value>0x46cf</value>
      </symbol>
      <symbol id="sm-767">
         <name>EUSCIB3_IRQHandler</name>
         <value>0x46cf</value>
      </symbol>
      <symbol id="sm-768">
         <name>ADC14_IRQHandler</name>
         <value>0x46cf</value>
      </symbol>
      <symbol id="sm-769">
         <name>T32_INT1_IRQHandler</name>
         <value>0x46cf</value>
      </symbol>
      <symbol id="sm-76a">
         <name>T32_INT2_IRQHandler</name>
         <value>0x46cf</value>
      </symbol>
      <symbol id="sm-76b">
         <name>T32_INTC_IRQHandler</name>
         <value>0x46cf</value>
      </symbol>
      <symbol id="sm-76c">
         <name>AES256_IRQHandler</name>
         <value>0x46cf</value>
      </symbol>
      <symbol id="sm-76d">
         <name>RTC_C_IRQHandler</name>
         <value>0x46cf</value>
      </symbol>
      <symbol id="sm-76e">
         <name>DMA_ERR_IRQHandler</name>
         <value>0x46cf</value>
      </symbol>
      <symbol id="sm-76f">
         <name>DMA_INT3_IRQHandler</name>
         <value>0x46cf</value>
      </symbol>
      <symbol id="sm-770">
         <name>DMA_INT2_IRQHandler</name>
         <value>0x46cf</value>
      </symbol>
      <symbol id="sm-771">
         <name>DMA_INT1_IRQHandler</name>
         <value>0x46cf</value>
      </symbol>
      <symbol id="sm-772">
         <name>DMA_INT0_IRQHandler</name>
         <value>0x46cf</value>
      </symbol>
      <symbol id="sm-773">
         <name>PORT1_IRQHandler</name>
         <value>0x46cf</value>
      </symbol>
      <symbol id="sm-774">
         <name>PORT2_IRQHandler</name>
         <value>0x46cf</value>
      </symbol>
      <symbol id="sm-775">
         <name>PORT3_IRQHandler</name>
         <value>0x46cf</value>
      </symbol>
      <symbol id="sm-776">
         <name>PORT4_IRQHandler</name>
         <value>0x46cf</value>
      </symbol>
      <symbol id="sm-777">
         <name>PORT5_IRQHandler</name>
         <value>0x46cf</value>
      </symbol>
      <symbol id="sm-778">
         <name>PORT6_IRQHandler</name>
         <value>0x46cf</value>
      </symbol>
   </symbol_table>
   <title>Link successful</title>
</link_info>
